// Jest Snapshot v1, https://goo.gl/fbAQLP

exports[`Hostname Snapshot 1`] = `
<div>
  <h1>
    Hostname
  </h1>
  <p>
    Here you can check and set the name of your device.
  </p>
  <div
    class="card p-4 col-sm-12 col-lg-12 p-0 mb-4"
  >
    <form>
      <h2>
        Hostname Settings
      </h2>
      <div
        class="form-group"
      >
        <label
          for="1"
        >
          Device hostname
        </label>
        <div
          class="input-group"
        >
          <input
            class="form-control"
            id="1"
            type="text"
            value="turris"
          />
        </div>
        <small
          class="form-text text-muted"
        >
          Rewrite the hostname to set a new one.
        </small>
      </div>
      <div
        class="text-right"
      >
        <button
          class="btn btn-primary  col-sm-12 col-md-3 col-lg-2"
          type="submit"
        >
          Save
        </button>
      </div>
    </form>
  </div>
</div>
`;
