// Jest Snapshot v1, https://goo.gl/fbAQLP

exports[`<PasswordInput/> Render password input 1`] = `
<div
  class="form-group row"
>
  <label
    class="form-control-label col-sm-3"
    for="1"
  >
    Test label
  </label>
  <div
    class="col-sm-8"
  >
    <div
      class="input-group"
    >
      <input
        autocomplete="new-password"
        class="form-control "
        id="1"
        type="password"
        value="Some password"
      />
      <div
        class="input-group-append"
      >
        <button
          class="input-group-text"
        >
          <i
            class="fa fa-eye"
          />
        </button>
      </div>
    </div>
    <div
      class="invalid-feedback"
    />
    <small
      class="form-text text-muted"
    >
      Some help text
    </small>
  </div>
</div>
`;
