// Jest Snapshot v1, https://goo.gl/fbAQLP

exports[`<UpdateSettings/> Test with snapshot disabled. 1`] = `
<DocumentFragment>
  <h1>
    Update settings
  </h1>
  <p>
    
One of the most important features of router Turris are automatic system updates. Thanks to this function
your router's software stays up to date and offers better protection against attacks from the Internet.

    <br />
    
It is 
    <b>
      highly recommended
    </b>
     to have this feature 
    <b>
      turned on
    </b>
    . If you decide to disable it, be
warned that this might weaken the security of your router and network in case flaws in the software are
found.

    <br />
    
By turning the automatic updates on, you agree to this feature's license agreement. More information is
available 
    <a
      data-target="#licenceModal"
      data-toggle="modal"
      href=""
    >
      here
    </a>
    .
            
  </p>
  <div
    aria-hidden="true"
    aria-labelledby="exampleModalLabel"
    class="modal fade"
    id="licenceModal"
    role="dialog"
    tabindex="-1"
  >
    <div
      class="modal-dialog"
      role="document"
    >
      <div
        class="modal-content"
      >
        <div
          class="modal-header"
        >
          <h5
            class="modal-title"
          >
            Most important license agreement points
          </h5>
          <button
            aria-label="Close"
            class="close"
            data-dismiss="modal"
            type="button"
          >
            <span
              aria-hidden="true"
            >
              ×
            </span>
          </button>
        </div>
        <div
          class="modal-body"
        >
          <ul>
            
                    
            <li>
              Automatic updates are offered to the Turris router owners free of charge.
            </li>
            
                    
            <li>
              Updates are prepared exclusively by CZ.NIC, z. s. p. o.
            </li>
            
                    
            <li>
              
                        Enabling of the automatic updates is a prerequisite for additional security features of
                        Turris router.
                    
            </li>
            
                    
            <li>
              
                        Automatic updates take place at the time of their release, the time of installation
                        cannot be influenced by the user.
                    
            </li>
            
                    
            <li>
              
                        Having the automatic updates turned on can result in increased Internet traffic on your
                        router. Expenses related to this increase are covered by you.
                    
            </li>
            
                    
            <li>
              
                        Automatic updates cannot protect you against every attack coming from the Internet.
                        Please do not forget to protect your workstations and other devices by installing
                        antivirus software and explaining to your family members how to stay safe on the
                        Internet.
                    
            </li>
            
                    
            <li>
              
                        CZ.NIC, z. s. p. o. does not guarantee the availability of this service and is not
                        responsible for any damages caused by the automatic updates.
                    
            </li>
            
                  
          </ul>
          <b>
            By enabling of the automatic updates, you confirm that you are the owner of this Turris router and you agree with the full text of the 
            <a
              href="https://www.turris.cz/omnia-updater-eula"
            >
              license agreement
            </a>
            .
          </b>
        </div>
      </div>
    </div>
  </div>
  <form>
    <div
      class="col-sm-12 offset-lg-1 col-lg-10"
      style="margin-bottom: 1rem;"
    >
      <div
        class="custom-control custom-checkbox"
        style="margin-bottom: 0px;"
      >
        <input
          class="custom-control-input"
          id="1"
          type="checkbox"
        />
        <label
          class="custom-control-label"
          for="1"
        >
          Enable automatic updates (recommended)
        </label>
      </div>
    </div>
    <h4>
      Automatic restarts after software update
    </h4>
    <div
      class="col-sm-12 offset-lg-1 col-lg-10"
    >
      <div
        class="form-group"
      >
        <label
          for="2"
        >
          Delay (days)
        </label>
        <div
          class="input-group"
        >
          <input
            class="form-control"
            id="2"
            max="10"
            min="0"
            type="number"
            value="4"
          />
          <div
            class="input-group-append"
          >
            <button
              aria-label="Increase"
              class="btn btn-outline-secondary"
              type="button"
            >
              <i
                class="fas fa-plus"
              />
            </button>
            <button
              aria-label="Decrease"
              class="btn btn-outline-secondary"
              type="button"
            >
              <i
                class="fas fa-minus"
              />
            </button>
          </div>
        </div>
        <small
          class="form-text text-muted"
        >
          Number of days that must pass between receiving the request for restart and the automatic restart itself.
        </small>
      </div>
    </div>
    <div
      class="rdt"
    >
      <div>
        <div
          class="col-sm-12 offset-lg-1 col-lg-10"
        >
          <div
            class="form-group"
          >
            <label
              for="3"
            >
              Reboot time
            </label>
            <div
              class="input-group"
            >
              <input
                class="form-control form-control"
                id="3"
                type="text"
                value="04:30"
              />
            </div>
            <small
              class="form-text text-muted"
            >
              Time of day of automatic reboot in HH:MM format.
            </small>
          </div>
        </div>
      </div>
      <div
        class="rdtPicker"
      >
        <div
          class="rdtTime"
        >
          <table>
            <tbody>
              <tr>
                <td>
                  <div
                    class="rdtCounters"
                  >
                    <div
                      class="rdtCounter"
                    >
                      <span
                        class="rdtBtn"
                      >
                        ▲
                      </span>
                      <div
                        class="rdtCount"
                      >
                        4
                      </div>
                      <span
                        class="rdtBtn"
                      >
                        ▼
                      </span>
                    </div>
                    <div
                      class="rdtCounterSeparator"
                    >
                      :
                    </div>
                    <div
                      class="rdtCounter"
                    >
                      <span
                        class="rdtBtn"
                      >
                        ▲
                      </span>
                      <div
                        class="rdtCount"
                      >
                        30
                      </div>
                      <span
                        class="rdtBtn"
                      >
                        ▼
                      </span>
                    </div>
                  </div>
                </td>
              </tr>
            </tbody>
          </table>
        </div>
      </div>
    </div>
    <button
      class="btn btn-primary  offset-lg-8 col-lg-3 col-sm-12"
      type="submit"
    >
        Save
    </button>
  </form>
</DocumentFragment>
`;

exports[`<UpdateSettings/> Test with snapshot enabled, delayed. 1`] = `
"Snapshot Diff:
- First value
+ Second value

@@ -244,10 +244,57 @@
          class=\\"form-text text-muted\\"
        >
          You have to approve the updates, otherwise they won't be installed.
        </small>
      </div>
+     <div
+       class=\\"col-sm-12 offset-lg-1 col-lg-10\\"
+     >
+       <div
+         class=\\"form-group\\"
+       >
+         <label
+           for=\\"10\\"
+         >
+           Delayed updates (hours)
+         </label>
+         <div
+           class=\\"input-group\\"
+         >
+           <input
+             class=\\"form-control\\"
+             id=\\"10\\"
+             max=\\"168\\"
+             min=\\"1\\"
+             type=\\"number\\"
+             value=\\"1\\"
+           />
+           <div
+             class=\\"input-group-append\\"
+           >
+             <button
+               aria-label=\\"Increase\\"
+               class=\\"btn btn-outline-secondary\\"
+               type=\\"button\\"
+             >
+               <i
+                 class=\\"fas fa-plus\\"
+               />
+             </button>
+             <button
+               aria-label=\\"Decrease\\"
+               class=\\"btn btn-outline-secondary\\"
+               type=\\"button\\"
+             >
+               <i
+                 class=\\"fas fa-minus\\"
+               />
+             </button>
+           </div>
+         </div>
+       </div>
+     </div>
      <h4>
        Automatic restarts after software update
      </h4>
      <div
        class=\\"col-sm-12 offset-lg-1 col-lg-10\\""
`;

exports[`<UpdateSettings/> Test with snapshot enabled. 1`] = `
"Snapshot Diff:
- First value
+ Second value

@@ -164,10 +164,91 @@
            Enable automatic updates (recommended)
          </label>
        </div>
      </div>
      <h4>
+       Update approvals
+     </h4>
+     <p>
+       Update approvals can be useful when you want to make sure that updates won't harm your specific
+             configuration. You can e.g. install updates when you're prepared for a possible rollback to a previous
+             snapshot and deny the questionable update temporarily. It isn't possible to decline the update forever an
+             it will be offered to you again together with the next package installation.
+     </p>
+     <div
+       class=\\"form-group col-sm-12 offset-lg-1 col-lg-10\\"
+       style=\\"margin-bottom: 1rem;\\"
+     >
+       <div
+         class=\\"custom-control custom-radio custom-control-inline\\"
+       >
+         <input
+           class=\\"custom-control-input\\"
+           id=\\"approvals-0\\"
+           name=\\"approvals\\"
+           type=\\"radio\\"
+           value=\\"off\\"
+         />
+         <label
+           class=\\"custom-control-label\\"
+           for=\\"approvals-0\\"
+         >
+           Automatic installation
+         </label>
+       </div>
+       <small
+         class=\\"form-text text-muted\\"
+       >
+         Updates will be installed without user's intervention.
+       </small>
+       <div
+         class=\\"custom-control custom-radio custom-control-inline\\"
+       >
+         <input
+           class=\\"custom-control-input\\"
+           id=\\"approvals-1\\"
+           name=\\"approvals\\"
+           type=\\"radio\\"
+           value=\\"delayed\\"
+         />
+         <label
+           class=\\"custom-control-label\\"
+           for=\\"approvals-1\\"
+         >
+           Delayed updates
+         </label>
+       </div>
+       <small
+         class=\\"form-text text-muted\\"
+       >
+         Updates will be installed with an adjustable delay. You can also approve them manually.
+       </small>
+       <div
+         class=\\"custom-control custom-radio custom-control-inline\\"
+       >
+         <input
+           checked=\\"\\"
+           class=\\"custom-control-input\\"
+           id=\\"approvals-2\\"
+           name=\\"approvals\\"
+           type=\\"radio\\"
+           value=\\"on\\"
+         />
+         <label
+           class=\\"custom-control-label\\"
+           for=\\"approvals-2\\"
+         >
+           Update approval needed
+         </label>
+       </div>
+       <small
+         class=\\"form-text text-muted\\"
+       >
+         You have to approve the updates, otherwise they won't be installed.
+       </small>
+     </div>
+     <h4>
        Automatic restarts after software update
      </h4>
      <div
        class=\\"col-sm-12 offset-lg-1 col-lg-10\\"
      >"
`;
