// Jest Snapshot v1, https://goo.gl/fbAQLP

exports[`<RadioSet/> Render radio set 1`] = `
<div
  class="form-group col-sm-12 offset-lg-1 col-lg-10"
  style="margin-bottom: 1rem;"
>
  <label
    class="col-12"
    for="1"
    style="padding-left: 0px;"
  >
    Radios set label
  </label>
  <div
    class="custom-control custom-radio custom-control-inline"
  >
    <input
      checked=""
      class="custom-control-input"
      id="test_name-0"
      name="test_name"
      type="radio"
      value="value"
    />
    <label
      class="custom-control-label"
      for="test_name-0"
    >
      label
    </label>
  </div>
  <div
    class="custom-control custom-radio custom-control-inline"
  >
    <input
      class="custom-control-input"
      id="test_name-1"
      name="test_name"
      type="radio"
      value="another value"
    />
    <label
      class="custom-control-label"
      for="test_name-1"
    >
      another label
    </label>
  </div>
  <div
    class="custom-control custom-radio custom-control-inline"
  >
    <input
      class="custom-control-input"
      id="test_name-2"
      name="test_name"
      type="radio"
      value="another on value"
    />
    <label
      class="custom-control-label"
      for="test_name-2"
    >
      another one  label
    </label>
  </div>
  <small
    class="form-text text-muted"
  >
    Some help text
  </small>
</div>
`;
