// Jest Snapshot v1, https://goo.gl/fbAQLP

exports[`<Select/> Test with snapshot. 1`] = `
<div>
  <div
    class="form-group col-sm-12 offset-lg-1 col-lg-10"
  >
    <label
      for="1"
    >
      Test label
    </label>
    <select
      class="custom-select"
      id="1"
    >
      <option
        value="1"
      >
        one
      </option>
      <option
        value="2"
      >
        two
      </option>
      <option
        value="3"
      >
        three
      </option>
    </select>
    <small
      class="form-text text-muted"
    >
      Help text
    </small>
  </div>
</div>
`;
