// Jest Snapshot v1, https://goo.gl/fbAQLP

exports[`<RegionAndTime/> Snapshot 1`] = `
<div>
  <form>
    <h3>
      Region and time
    </h3>
    <p>
      It is important for your device to have the correct time set. If your device's time is delayed, the procedure of SSL certificate verification might not work correctly.
    </p>
    <h4>
      Region settings
    </h4>
    <p>
      Please select the timezone the router is being operated in. Correct setting is required to display the right time and for related functions.
    </p>
    <div
      class="form-group row"
    >
      <label
        class="form-control-label col-sm-3"
        for="1"
      >
        Continent or ocean
      </label>
      <div
        class="col-sm-8"
      >
        <select
          class="form-control"
          id="1"
        >
          <option
            value="Africa"
          >
            Africa
          </option>
          <option
            value="America"
          >
            America
          </option>
          <option
            value="Antarctica"
          >
            Antarctica
          </option>
          <option
            value="Arctic"
          >
            Arctic
          </option>
          <option
            value="Asia"
          >
            Asia
          </option>
          <option
            value="Atlantic"
          >
            Atlantic
          </option>
          <option
            value="Australia"
          >
            Australia
          </option>
          <option
            value="Europe"
          >
            Europe
          </option>
          <option
            value="Indian"
          >
            Indian
          </option>
          <option
            value="Pacific"
          >
            Pacific
          </option>
        </select>
        <small
          class="form-text text-muted"
        />
      </div>
    </div>
    <div
      class="form-group row"
    >
      <label
        class="form-control-label col-sm-3"
        for="2"
      >
        Country
      </label>
      <div
        class="col-sm-8"
      >
        <select
          class="form-control"
          id="2"
        >
          <option
            value="NL"
          >
            Netherlands
          </option>
          <option
            value="AD"
          >
            Andorra
          </option>
          <option
            value="GR"
          >
            Greece
          </option>
          <option
            value="RS"
          >
            Serbia
          </option>
          <option
            value="DE"
          >
            Germany
          </option>
          <option
            value="SK"
          >
            Slovakia
          </option>
          <option
            value="BE"
          >
            Belgium
          </option>
          <option
            value="RO"
          >
            Romania
          </option>
          <option
            value="HU"
          >
            Hungary
          </option>
          <option
            value="MD"
          >
            Moldova
          </option>
          <option
            value="DK"
          >
            Denmark
          </option>
          <option
            value="IE"
          >
            Ireland
          </option>
          <option
            value="GI"
          >
            Gibraltar
          </option>
          <option
            value="GG"
          >
            Guernsey
          </option>
          <option
            value="FI"
          >
            Finland
          </option>
          <option
            value="IM"
          >
            Isle of Man
          </option>
          <option
            value="TR"
          >
            Turkey
          </option>
          <option
            value="JE"
          >
            Jersey
          </option>
          <option
            value="RU"
          >
            Russia
          </option>
          <option
            value="UA"
          >
            Ukraine
          </option>
          <option
            value="PT"
          >
            Portugal
          </option>
          <option
            value="SI"
          >
            Slovenia
          </option>
          <option
            value="GB"
          >
            United Kingdom
          </option>
          <option
            value="LU"
          >
            Luxembourg
          </option>
          <option
            value="ES"
          >
            Spain
          </option>
          <option
            value="MT"
          >
            Malta
          </option>
          <option
            value="AX"
          >
            Ã…land Islands
          </option>
          <option
            value="BY"
          >
            Belarus
          </option>
          <option
            value="MC"
          >
            Monaco
          </option>
          <option
            value="NO"
          >
            Norway
          </option>
          <option
            value="FR"
          >
            France
          </option>
          <option
            value="ME"
          >
            Montenegro
          </option>
          <option
            value="CZ"
          >
            Czech Republic
          </option>
          <option
            value="LV"
          >
            Latvia
          </option>
          <option
            value="IT"
          >
            Italy
          </option>
          <option
            value="SM"
          >
            San Marino
          </option>
          <option
            value="BA"
          >
            Bosnia & Herzegovina
          </option>
          <option
            value="MK"
          >
            Macedonia
          </option>
          <option
            value="BG"
          >
            Bulgaria
          </option>
          <option
            value="SE"
          >
            Sweden
          </option>
          <option
            value="EE"
          >
            Estonia
          </option>
          <option
            value="AL"
          >
            Albania
          </option>
          <option
            value="LI"
          >
            Liechtenstein
          </option>
          <option
            value="VA"
          >
            Vatican City
          </option>
          <option
            value="AT"
          >
            Austria
          </option>
          <option
            value="LT"
          >
            Lithuania
          </option>
          <option
            value="PL"
          >
            Poland
          </option>
          <option
            value="HR"
          >
            Croatia
          </option>
          <option
            value="CH"
          >
            Switzerland
          </option>
        </select>
        <small
          class="form-text text-muted"
        />
      </div>
    </div>
    <div
      class="form-group row"
    >
      <label
        class="form-control-label col-sm-3"
        for="3"
      >
        Timezone
      </label>
      <div
        class="col-sm-8"
      >
        <select
          class="form-control"
          id="3"
        >
          <option
            value="Prague"
          >
            Prague
          </option>
        </select>
        <small
          class="form-text text-muted"
        />
      </div>
    </div>
    <h4>
      Time settings
    </h4>
    <p>
      Time should be up-to-date otherwise DNS and other services might not work properly.
    </p>
    <div
      class="form-group row"
    >
      <label
        class="form-control-label col-sm-3"
        for="4"
      >
        How to set time
      </label>
      <div
        class="col-sm-8"
      >
        <select
          class="form-control"
          id="4"
        >
          <option
            value="ntp"
          >
            Via ntp
          </option>
          <option
            value="manual"
          >
            Manually
          </option>
        </select>
        <small
          class="form-text text-muted"
        />
      </div>
    </div>
    <table
      class="table table-borderless table-hover offset-lg-3 col-lg-6 col-sm-12"
    >
      <thead>
        <tr>
          <th>
            NTP servers
          </th>
        </tr>
      </thead>
      <tbody>
        <tr>
          <td>
            217.31.202.100
          </td>
        </tr>
        <tr>
          <td>
            195.113.144.201
          </td>
        </tr>
        <tr>
          <td>
            195.113.144.238
          </td>
        </tr>
        <tr>
          <td>
            2001:1488:ffff::100
          </td>
        </tr>
        <tr>
          <td>
            ntp.nic.cz
          </td>
        </tr>
        <tr>
          <td>
            0.openwrt.pool.ntp.org
          </td>
        </tr>
        <tr>
          <td>
            1.openwrt.pool.ntp.org
          </td>
        </tr>
        <tr>
          <td>
            2.openwrt.pool.ntp.org
          </td>
        </tr>
        <tr>
          <td>
            3.openwrt.pool.ntp.org
          </td>
        </tr>
      </tbody>
    </table>
    <div
      class="rdt"
    >
      <div>
        <div
          class="form-group row"
        >
          <label
            class="form-control-label col-sm-3"
            for="5"
          >
            Time
          </label>
          <div
            class="col-sm-8"
          >
            <div
              class="input-group"
            >
              <input
                class="form-control "
                disabled=""
                id="5"
                type="text"
                value="2019-04-24 21:15:03"
              />
              <div
                class="input-group-append"
              >
                <a
                  class="input-group-text"
                >
                  <i
                    class="fa fa-sync-alt"
                  />
                </a>
              </div>
            </div>
            <div
              class="invalid-feedback"
            />
            <small
              class="form-text text-muted"
            />
          </div>
        </div>
      </div>
      <div
        class="rdtPicker"
      >
        <div
          class="rdtDays"
        >
          <table>
            <thead>
              <tr>
                <th
                  class="rdtPrev"
                >
                  <span>
                    â€¹
                  </span>
                </th>
                <th
                  class="rdtSwitch"
                  colspan="5"
                  data-value="3"
                >
                  April 2019
                </th>
                <th
                  class="rdtNext"
                >
                  <span>
                    â€º
                  </span>
                </th>
              </tr>
              <tr>
                <th
                  class="dow"
                >
                  Su
                </th>
                <th
                  class="dow"
                >
                  Mo
                </th>
                <th
                  class="dow"
                >
                  Tu
                </th>
                <th
                  class="dow"
                >
                  We
                </th>
                <th
                  class="dow"
                >
                  Th
                </th>
                <th
                  class="dow"
                >
                  Fr
                </th>
                <th
                  class="dow"
                >
                  Sa
                </th>
              </tr>
            </thead>
            <tbody>
              <tr>
                <td
                  class="rdtDay rdtOld"
                  data-value="31"
                >
                  31
                </td>
                <td
                  class="rdtDay"
                  data-value="1"
                >
                  1
                </td>
                <td
                  class="rdtDay"
                  data-value="2"
                >
                  2
                </td>
                <td
                  class="rdtDay"
                  data-value="3"
                >
                  3
                </td>
                <td
                  class="rdtDay"
                  data-value="4"
                >
                  4
                </td>
                <td
                  class="rdtDay"
                  data-value="5"
                >
                  5
                </td>
                <td
                  class="rdtDay"
                  data-value="6"
                >
                  6
                </td>
              </tr>
              <tr>
                <td
                  class="rdtDay"
                  data-value="7"
                >
                  7
                </td>
                <td
                  class="rdtDay"
                  data-value="8"
                >
                  8
                </td>
                <td
                  class="rdtDay"
                  data-value="9"
                >
                  9
                </td>
                <td
                  class="rdtDay"
                  data-value="10"
                >
                  10
                </td>
                <td
                  class="rdtDay"
                  data-value="11"
                >
                  11
                </td>
                <td
                  class="rdtDay"
                  data-value="12"
                >
                  12
                </td>
                <td
                  class="rdtDay"
                  data-value="13"
                >
                  13
                </td>
              </tr>
              <tr>
                <td
                  class="rdtDay"
                  data-value="14"
                >
                  14
                </td>
                <td
                  class="rdtDay"
                  data-value="15"
                >
                  15
                </td>
                <td
                  class="rdtDay"
                  data-value="16"
                >
                  16
                </td>
                <td
                  class="rdtDay"
                  data-value="17"
                >
                  17
                </td>
                <td
                  class="rdtDay"
                  data-value="18"
                >
                  18
                </td>
                <td
                  class="rdtDay"
                  data-value="19"
                >
                  19
                </td>
                <td
                  class="rdtDay"
                  data-value="20"
                >
                  20
                </td>
              </tr>
              <tr>
                <td
                  class="rdtDay"
                  data-value="21"
                >
                  21
                </td>
                <td
                  class="rdtDay"
                  data-value="22"
                >
                  22
                </td>
                <td
                  class="rdtDay"
                  data-value="23"
                >
                  23
                </td>
                <td
                  class="rdtDay rdtActive"
                  data-value="24"
                >
                  24
                </td>
                <td
                  class="rdtDay"
                  data-value="25"
                >
                  25
                </td>
                <td
                  class="rdtDay rdtToday"
                  data-value="26"
                >
                  26
                </td>
                <td
                  class="rdtDay"
                  data-value="27"
                >
                  27
                </td>
              </tr>
              <tr>
                <td
                  class="rdtDay"
                  data-value="28"
                >
                  28
                </td>
                <td
                  class="rdtDay"
                  data-value="29"
                >
                  29
                </td>
                <td
                  class="rdtDay"
                  data-value="30"
                >
                  30
                </td>
                <td
                  class="rdtDay rdtNew"
                  data-value="1"
                >
                  1
                </td>
                <td
                  class="rdtDay rdtNew"
                  data-value="2"
                >
                  2
                </td>
                <td
                  class="rdtDay rdtNew"
                  data-value="3"
                >
                  3
                </td>
                <td
                  class="rdtDay rdtNew"
                  data-value="4"
                >
                  4
                </td>
              </tr>
              <tr>
                <td
                  class="rdtDay rdtNew"
                  data-value="5"
                >
                  5
                </td>
                <td
                  class="rdtDay rdtNew"
                  data-value="6"
                >
                  6
                </td>
                <td
                  class="rdtDay rdtNew"
                  data-value="7"
                >
                  7
                </td>
                <td
                  class="rdtDay rdtNew"
                  data-value="8"
                >
                  8
                </td>
                <td
                  class="rdtDay rdtNew"
                  data-value="9"
                >
                  9
                </td>
                <td
                  class="rdtDay rdtNew"
                  data-value="10"
                >
                  10
                </td>
                <td
                  class="rdtDay rdtNew"
                  data-value="11"
                >
                  11
                </td>
              </tr>
            </tbody>
            <tfoot>
              <tr>
                <td
                  class="rdtTimeToggle"
                  colspan="7"
                >
                  21:15:03
                </td>
              </tr>
            </tfoot>
          </table>
        </div>
      </div>
    </div>
    <button
      class="btn btn-primary  offset-lg-8 col-lg-3 col-sm-12"
    >
       
       
      Save
    </button>
  </form>
</div>
`;
