// Jest Snapshot v1, https://goo.gl/fbAQLP

exports[`<Packages/> Should render: updates disabled. 1`] = `
"Snapshot Diff:
- First value
+ Second value

@@ -12,10 +12,26 @@
    </p>
    <div
      class=\\"card p-4 col-sm-12 col-lg-12 p-0 mb-3\\"
    >
      <form>
+       <div
+         class=\\"alert  alert-warning\\"
+       >
+         <span>
+           Please enable 
+           <a
+             href=\\"/reforis/package-management/update-settings\\"
+           >
+             automatic updates
+           </a>
+            to manage packages and languages.
+         </span>
+       </div>
+       <div
+         class=\\"text-muted\\"
+       >
          <h2>
            Packages List
          </h2>
          <div
            class=\\"container-fluid\\"
@@ -33,10 +49,11 @@
                    class=\\"custom-control custom-checkbox \\"
                  >
                    <input
                      checked=\\"\\"
                      class=\\"custom-control-input\\"
+                     disabled=\\"\\"
                      id=\\"1\\"
                      type=\\"checkbox\\"
                    />
                    <label
                      class=\\"custom-control-label\\"
@@ -61,10 +78,11 @@
                  <div
                    class=\\"custom-control custom-checkbox \\"
                  >
                    <input
                      class=\\"custom-control-input\\"
+                     disabled=\\"\\"
                      id=\\"2\\"
                      type=\\"checkbox\\"
                    />
                    <label
                      class=\\"custom-control-label\\"
@@ -89,10 +107,11 @@
                  <div
                    class=\\"custom-control custom-checkbox \\"
                  >
                    <input
                      class=\\"custom-control-input\\"
+                     disabled=\\"\\"
                      id=\\"3\\"
                      type=\\"checkbox\\"
                    />
                    <label
                      class=\\"custom-control-label\\"
@@ -117,10 +136,11 @@
                  <div
                    class=\\"custom-control custom-checkbox \\"
                  >
                    <input
                      class=\\"custom-control-input\\"
+                     disabled=\\"\\"
                      id=\\"4\\"
                      type=\\"checkbox\\"
                    />
                    <label
                      class=\\"custom-control-label\\"
@@ -145,10 +165,11 @@
                  <div
                    class=\\"custom-control custom-checkbox \\"
                  >
                    <input
                      class=\\"custom-control-input\\"
+                     disabled=\\"\\"
                      id=\\"5\\"
                      type=\\"checkbox\\"
                    />
                    <label
                      class=\\"custom-control-label\\"
@@ -173,10 +194,11 @@
                  <div
                    class=\\"custom-control custom-checkbox \\"
                  >
                    <input
                      class=\\"custom-control-input\\"
+                     disabled=\\"\\"
                      id=\\"6\\"
                      type=\\"checkbox\\"
                    />
                    <label
                      class=\\"custom-control-label\\"
@@ -201,33 +223,34 @@
                  <div
                    class=\\"custom-control custom-checkbox \\"
                  >
                    <input
                      class=\\"custom-control-input\\"
+                     disabled=\\"\\"
                      id=\\"7\\"
                      type=\\"checkbox\\"
                    />
                    <label
                      class=\\"custom-control-label\\"
                      for=\\"7\\"
                    >
                      LXC utilities
                    </label>
                    <span
-                   class=\\"badge badge-primary\\"
+                     class=\\"badge badge-primary badge-disabled\\"
                      title=\\"Using external storage is highly suggested for this package list usage. Software it contains can wear out flash storages as it performs increased amount of writes.\\"
                    >
                      External storage
                    </span>
                    <span
-                   class=\\"badge badge-info\\"
+                     class=\\"badge badge-info badge-disabled\\"
                      title=\\"Software in this package list consumes possibly higher amount of RAM to run. It is not suggested to use it with small memory.\\"
                    >
                      High memory usage
                    </span>
                    <span
-                   class=\\"badge badge-secondary\\"
+                     class=\\"badge badge-secondary badge-disabled\\"
                      title=\\"This functionality is usable only for advanced users.\\"
                    >
                      Advanced users
                    </span>
                    <small
@@ -247,10 +270,11 @@
                  <div
                    class=\\"custom-control custom-checkbox \\"
                  >
                    <input
                      class=\\"custom-control-input\\"
+                     disabled=\\"\\"
                      id=\\"8\\"
                      type=\\"checkbox\\"
                    />
                    <label
                      class=\\"custom-control-label\\"
@@ -412,10 +436,11 @@
                  <div
                    class=\\"custom-control custom-checkbox \\"
                  >
                    <input
                      class=\\"custom-control-input\\"
+                     disabled=\\"\\"
                      id=\\"14\\"
                      type=\\"checkbox\\"
                    />
                    <label
                      class=\\"custom-control-label\\"
@@ -440,10 +465,11 @@
                  <div
                    class=\\"custom-control custom-checkbox \\"
                  >
                    <input
                      class=\\"custom-control-input\\"
+                     disabled=\\"\\"
                      id=\\"15\\"
                      type=\\"checkbox\\"
                    />
                    <label
                      class=\\"custom-control-label\\"
@@ -468,10 +494,11 @@
                  <div
                    class=\\"custom-control custom-checkbox \\"
                  >
                    <input
                      class=\\"custom-control-input\\"
+                     disabled=\\"\\"
                      id=\\"16\\"
                      type=\\"checkbox\\"
                    />
                    <label
                      class=\\"custom-control-label\\"
@@ -496,10 +523,11 @@
                  <div
                    class=\\"custom-control custom-checkbox \\"
                  >
                    <input
                      class=\\"custom-control-input\\"
+                     disabled=\\"\\"
                      id=\\"17\\"
                      type=\\"checkbox\\"
                    />
                    <label
                      class=\\"custom-control-label\\"
@@ -524,10 +552,11 @@
                  <div
                    class=\\"custom-control custom-checkbox \\"
                  >
                    <input
                      class=\\"custom-control-input\\"
+                     disabled=\\"\\"
                      id=\\"18\\"
                      type=\\"checkbox\\"
                    />
                    <label
                      class=\\"custom-control-label\\"
@@ -543,15 +572,17 @@
                  </div>
                </div>
              </div>
            </div>
          </div>
+       </div>
        <div
          class=\\"text-right\\"
        >
          <button
            class=\\"btn btn-primary  col-sm-12 col-md-3 col-lg-2\\"
+           disabled=\\"\\"
            type=\\"submit\\"
          >
            Save
          </button>
        </div>"
`;

exports[`<Packages/> Should render: updates enabled. 1`] = `
<DocumentFragment>
  <h1>
    Packages
  </h1>
  <p>
    
Apart from the standard installation, you can optionally select bundles of additional software that'd be installed on 
the router. This software can be selected from the following list. Please note that only software that is part of 
TurrisOS or that has been installed from a package list and not marked as community-supported is actually supported
by Turris team.
        
  </p>
  <div
    class="card p-4 col-sm-12 col-lg-12 p-0 mb-3"
  >
    <form>
      <h2>
        Packages List
      </h2>
      <div
        class="container-fluid"
      >
        <div
          class="packages-list"
        >
          <div
            class="package"
          >
            <div
              class="form-group"
            >
              <div
                class="custom-control custom-checkbox "
              >
                <input
                  checked=""
                  class="custom-control-input"
                  id="1"
                  type="checkbox"
                />
                <label
                  class="custom-control-label"
                  for="1"
                >
                  Enabled package title
                </label>
                <small
                  class="form-text text-muted"
                >
                  Enabled package description
                </small>
              </div>
            </div>
          </div>
          <div
            class="package"
          >
            <div
              class="form-group"
            >
              <div
                class="custom-control custom-checkbox "
              >
                <input
                  class="custom-control-input"
                  id="2"
                  type="checkbox"
                />
                <label
                  class="custom-control-label"
                  for="2"
                >
                  Extensions of network protocols for 3G/LTE
                </label>
                <small
                  class="form-text text-muted"
                >
                  Support for additional protocols and connection types.
                </small>
              </div>
            </div>
          </div>
          <div
            class="package"
          >
            <div
              class="form-group"
            >
              <div
                class="custom-control custom-checkbox "
              >
                <input
                  class="custom-control-input"
                  id="3"
                  type="checkbox"
                />
                <label
                  class="custom-control-label"
                  for="3"
                >
                  Device detection
                </label>
                <small
                  class="form-text text-muted"
                >
                  Software for detecting new devices on local network (EXPERIMENTAL).
                </small>
              </div>
            </div>
          </div>
          <div
            class="package"
          >
            <div
              class="form-group"
            >
              <div
                class="custom-control custom-checkbox "
              >
                <input
                  class="custom-control-input"
                  id="4"
                  type="checkbox"
                />
                <label
                  class="custom-control-label"
                  for="4"
                >
                  DVB tuner
                </label>
                <small
                  class="form-text text-muted"
                >
                  Software for sharing television received by a DVB tuner on Turris. Does not include device drivers.
                </small>
              </div>
            </div>
          </div>
          <div
            class="package"
          >
            <div
              class="form-group"
            >
              <div
                class="custom-control custom-checkbox "
              >
                <input
                  class="custom-control-input"
                  id="5"
                  type="checkbox"
                />
                <label
                  class="custom-control-label"
                  for="5"
                >
                  SSH Honeypot
                </label>
                <small
                  class="form-text text-muted"
                >
                  Trap for password-guessing robots on SSH.
                </small>
              </div>
            </div>
          </div>
          <div
            class="package"
          >
            <div
              class="form-group"
            >
              <div
                class="custom-control custom-checkbox "
              >
                <input
                  class="custom-control-input"
                  id="6"
                  type="checkbox"
                />
                <label
                  class="custom-control-label"
                  for="6"
                >
                  LuCI extensions
                </label>
                <small
                  class="form-text text-muted"
                >
                  Several addional tabs and controls for the advanced LuCI interface.
                </small>
              </div>
            </div>
          </div>
          <div
            class="package"
          >
            <div
              class="form-group"
            >
              <div
                class="custom-control custom-checkbox "
              >
                <input
                  class="custom-control-input"
                  id="7"
                  type="checkbox"
                />
                <label
                  class="custom-control-label"
                  for="7"
                >
                  LXC utilities
                </label>
                <span
                  class="badge badge-primary"
                  title="Using external storage is highly suggested for this package list usage. Software it contains can wear out flash storages as it performs increased amount of writes."
                >
                  External storage
                </span>
                <span
                  class="badge badge-info"
                  title="Software in this package list consumes possibly higher amount of RAM to run. It is not suggested to use it with small memory."
                >
                  High memory usage
                </span>
                <span
                  class="badge badge-secondary"
                  title="This functionality is usable only for advanced users."
                >
                  Advanced users
                </span>
                <small
                  class="form-text text-muted"
                >
                  Set of utilities to manage Linux Containers (lightweight virtualization technology).
                </small>
              </div>
            </div>
          </div>
          <div
            class="package"
          >
            <div
              class="form-group"
            >
              <div
                class="custom-control custom-checkbox "
              >
                <input
                  class="custom-control-input"
                  id="8"
                  type="checkbox"
                />
                <label
                  class="custom-control-label"
                  for="8"
                >
                  NAS
                </label>
                <small
                  class="form-text text-muted"
                >
                  Services allowing to connect a disk to the router and use it as network data store.
                </small>
              </div>
            </div>
            <div
              class="option"
            >
              <div
                class="form-group"
              >
                <div
                  class="custom-control custom-checkbox "
                >
                  <input
                    checked=""
                    class="custom-control-input"
                    disabled=""
                    id="9"
                    type="checkbox"
                  />
                  <label
                    class="custom-control-label"
                    for="9"
                  >
                    Samba
                  </label>
                  <small
                    class="form-text text-muted"
                  >
                    Implementation of SMB network protocol.
                  </small>
                </div>
              </div>
              <div
                class="form-group"
              >
                <div
                  class="custom-control custom-checkbox "
                >
                  <input
                    class="custom-control-input"
                    disabled=""
                    id="10"
                    type="checkbox"
                  />
                  <label
                    class="custom-control-label"
                    for="10"
                  >
                    DLNA
                  </label>
                  <small
                    class="form-text text-muted"
                  >
                    Digital media sharing server.
                  </small>
                </div>
              </div>
              <div
                class="form-group"
              >
                <div
                  class="custom-control custom-checkbox "
                >
                  <input
                    checked=""
                    class="custom-control-input"
                    disabled=""
                    id="11"
                    type="checkbox"
                  />
                  <label
                    class="custom-control-label"
                    for="11"
                  >
                    Transmission
                  </label>
                  <small
                    class="form-text text-muted"
                  >
                    BitTorrent client.
                  </small>
                </div>
              </div>
              <div
                class="form-group"
              >
                <div
                  class="custom-control custom-checkbox "
                >
                  <input
                    class="custom-control-input"
                    disabled=""
                    id="12"
                    type="checkbox"
                  />
                  <label
                    class="custom-control-label"
                    for="12"
                  >
                    mdadm RAID
                  </label>
                  <span
                    class="badge badge-secondary badge-disabled"
                    title="This functionality is usable only for advanced users."
                  >
                    Advanced users
                  </span>
                  <small
                    class="form-text text-muted"
                  >
                    Software RAID storage support using mdadm.
                  </small>
                </div>
              </div>
              <div
                class="form-group"
              >
                <div
                  class="custom-control custom-checkbox "
                >
                  <input
                    class="custom-control-input"
                    disabled=""
                    id="13"
                    type="checkbox"
                  />
                  <label
                    class="custom-control-label"
                    for="13"
                  >
                    Encrypted Storage
                  </label>
                  <small
                    class="form-text text-muted"
                  >
                    Add support to access encrypted storage devices using dm-crypt.
                  </small>
                </div>
              </div>
            </div>
          </div>
          <div
            class="package"
          >
            <div
              class="form-group"
            >
              <div
                class="custom-control custom-checkbox "
              >
                <input
                  class="custom-control-input"
                  id="14"
                  type="checkbox"
                />
                <label
                  class="custom-control-label"
                  for="14"
                >
                  Internet connection speed measurement
                </label>
                <small
                  class="form-text text-muted"
                >
                  Actively measures speed of Internet connection using netmetr.cz service.
                </small>
              </div>
            </div>
          </div>
          <div
            class="package"
          >
            <div
              class="form-group"
            >
              <div
                class="custom-control custom-checkbox "
              >
                <input
                  class="custom-control-input"
                  id="15"
                  type="checkbox"
                />
                <label
                  class="custom-control-label"
                  for="15"
                >
                  OpenVPN
                </label>
                <small
                  class="form-text text-muted"
                >
                  An easy setup of OpenVPN server from Foris.
                </small>
              </div>
            </div>
          </div>
          <div
            class="package"
          >
            <div
              class="form-group"
            >
              <div
                class="custom-control custom-checkbox "
              >
                <input
                  class="custom-control-input"
                  id="16"
                  type="checkbox"
                />
                <label
                  class="custom-control-label"
                  for="16"
                >
                  Pakon
                </label>
                <small
                  class="form-text text-muted"
                >
                  Software for in depth monitoring of your traffic.
                </small>
              </div>
            </div>
          </div>
          <div
            class="package"
          >
            <div
              class="form-group"
            >
              <div
                class="custom-control custom-checkbox "
              >
                <input
                  class="custom-control-input"
                  id="17"
                  type="checkbox"
                />
                <label
                  class="custom-control-label"
                  for="17"
                >
                  Print server
                </label>
                <small
                  class="form-text text-muted"
                >
                  Services allowing to connect a printer to the router and use it for remote printing.
                </small>
              </div>
            </div>
          </div>
          <div
            class="package"
          >
            <div
              class="form-group"
            >
              <div
                class="custom-control custom-checkbox "
              >
                <input
                  class="custom-control-input"
                  id="18"
                  type="checkbox"
                />
                <label
                  class="custom-control-label"
                  for="18"
                >
                  Tor
                </label>
                <small
                  class="form-text text-muted"
                >
                  Service to increase anonymity on the Internet.
                </small>
              </div>
            </div>
          </div>
        </div>
      </div>
      <div
        class="text-right"
      >
        <button
          class="btn btn-primary  col-sm-12 col-md-3 col-lg-2"
          type="submit"
        >
          Save
        </button>
      </div>
    </form>
  </div>
</DocumentFragment>
`;
