// Jest Snapshot v1, https://goo.gl/fbAQLP

exports[`<Packages/> Updates disabled 1`] = `
"Snapshot Diff:
- First value
+ Second value

@@ -9,10 +9,26 @@
  TurrisOS or that has been installed from a package list is maintained by automatic updates system. Software that has 
  been installed manually or using opkg is not affected.
          
    </p>
    <form>
+     <div
+       class=\\"alert alert-dismissible alert-warning\\"
+     >
+       <span>
+         Please enable 
+         <a
+           href=\\"/updates\\"
+         >
+           automatic updates
+         </a>
+          to manage packages and languages.
+       </span>
+     </div>
+     <div
+       class=\\"text-muted\\"
+     >
        <h3>
          Packages list
        </h3>
        <div
          class=\\"col-sm-12 offset-lg-1 col-lg-10\\"
@@ -23,10 +39,11 @@
            style=\\"margin-bottom: 0px;\\"
          >
            <input
              checked=\\"\\"
              class=\\"custom-control-input\\"
+             disabled=\\"\\"
              id=\\"1\\"
              type=\\"checkbox\\"
            />
            <label
              class=\\"custom-control-label\\"
@@ -50,10 +67,11 @@
            class=\\"custom-control custom-checkbox\\"
            style=\\"margin-bottom: 0px;\\"
          >
            <input
              class=\\"custom-control-input\\"
+             disabled=\\"\\"
              id=\\"2\\"
              type=\\"checkbox\\"
            />
            <label
              class=\\"custom-control-label\\"
@@ -77,10 +95,11 @@
            class=\\"custom-control custom-checkbox\\"
            style=\\"margin-bottom: 0px;\\"
          >
            <input
              class=\\"custom-control-input\\"
+             disabled=\\"\\"
              id=\\"3\\"
              type=\\"checkbox\\"
            />
            <label
              class=\\"custom-control-label\\"
@@ -104,10 +123,11 @@
            class=\\"custom-control custom-checkbox\\"
            style=\\"margin-bottom: 0px;\\"
          >
            <input
              class=\\"custom-control-input\\"
+             disabled=\\"\\"
              id=\\"4\\"
              type=\\"checkbox\\"
            />
            <label
              class=\\"custom-control-label\\"
@@ -131,10 +151,11 @@
            class=\\"custom-control custom-checkbox\\"
            style=\\"margin-bottom: 0px;\\"
          >
            <input
              class=\\"custom-control-input\\"
+             disabled=\\"\\"
              id=\\"5\\"
              type=\\"checkbox\\"
            />
            <label
              class=\\"custom-control-label\\"
@@ -158,10 +179,11 @@
            class=\\"custom-control custom-checkbox\\"
            style=\\"margin-bottom: 0px;\\"
          >
            <input
              class=\\"custom-control-input\\"
+             disabled=\\"\\"
              id=\\"6\\"
              type=\\"checkbox\\"
            />
            <label
              class=\\"custom-control-label\\"
@@ -185,10 +207,11 @@
            class=\\"custom-control custom-checkbox\\"
            style=\\"margin-bottom: 0px;\\"
          >
            <input
              class=\\"custom-control-input\\"
+             disabled=\\"\\"
              id=\\"7\\"
              type=\\"checkbox\\"
            />
            <label
              class=\\"custom-control-label\\"
@@ -212,10 +235,11 @@
            class=\\"custom-control custom-checkbox\\"
            style=\\"margin-bottom: 0px;\\"
          >
            <input
              class=\\"custom-control-input\\"
+             disabled=\\"\\"
              id=\\"8\\"
              type=\\"checkbox\\"
            />
            <label
              class=\\"custom-control-label\\"
@@ -239,10 +263,11 @@
            class=\\"custom-control custom-checkbox\\"
            style=\\"margin-bottom: 0px;\\"
          >
            <input
              class=\\"custom-control-input\\"
+             disabled=\\"\\"
              id=\\"9\\"
              type=\\"checkbox\\"
            />
            <label
              class=\\"custom-control-label\\"
@@ -266,10 +291,11 @@
            class=\\"custom-control custom-checkbox\\"
            style=\\"margin-bottom: 0px;\\"
          >
            <input
              class=\\"custom-control-input\\"
+             disabled=\\"\\"
              id=\\"10\\"
              type=\\"checkbox\\"
            />
            <label
              class=\\"custom-control-label\\"
@@ -293,10 +319,11 @@
            class=\\"custom-control custom-checkbox\\"
            style=\\"margin-bottom: 0px;\\"
          >
            <input
              class=\\"custom-control-input\\"
+             disabled=\\"\\"
              id=\\"11\\"
              type=\\"checkbox\\"
            />
            <label
              class=\\"custom-control-label\\"
@@ -320,10 +347,11 @@
            class=\\"custom-control custom-checkbox\\"
            style=\\"margin-bottom: 0px;\\"
          >
            <input
              class=\\"custom-control-input\\"
+             disabled=\\"\\"
              id=\\"12\\"
              type=\\"checkbox\\"
            />
            <label
              class=\\"custom-control-label\\"
@@ -347,10 +375,11 @@
            class=\\"custom-control custom-checkbox\\"
            style=\\"margin-bottom: 0px;\\"
          >
            <input
              class=\\"custom-control-input\\"
+             disabled=\\"\\"
              id=\\"13\\"
              type=\\"checkbox\\"
            />
            <label
              class=\\"custom-control-label\\"
@@ -385,10 +414,11 @@
              style=\\"margin-bottom: 0px;\\"
            >
              <input
                checked=\\"\\"
                class=\\"custom-control-input\\"
+               disabled=\\"\\"
                id=\\"14\\"
                type=\\"checkbox\\"
              />
              <label
                class=\\"custom-control-label\\"
@@ -406,10 +436,11 @@
              class=\\"custom-control custom-checkbox\\"
              style=\\"margin-bottom: 0px;\\"
            >
              <input
                class=\\"custom-control-input\\"
+               disabled=\\"\\"
                id=\\"15\\"
                type=\\"checkbox\\"
              />
              <label
                class=\\"custom-control-label\\"
@@ -427,10 +458,11 @@
              class=\\"custom-control custom-checkbox\\"
              style=\\"margin-bottom: 0px;\\"
            >
              <input
                class=\\"custom-control-input\\"
+               disabled=\\"\\"
                id=\\"16\\"
                type=\\"checkbox\\"
              />
              <label
                class=\\"custom-control-label\\"
@@ -448,10 +480,11 @@
              class=\\"custom-control custom-checkbox\\"
              style=\\"margin-bottom: 0px;\\"
            >
              <input
                class=\\"custom-control-input\\"
+               disabled=\\"\\"
                id=\\"17\\"
                type=\\"checkbox\\"
              />
              <label
                class=\\"custom-control-label\\"
@@ -469,10 +502,11 @@
              class=\\"custom-control custom-checkbox\\"
              style=\\"margin-bottom: 0px;\\"
            >
              <input
                class=\\"custom-control-input\\"
+               disabled=\\"\\"
                id=\\"18\\"
                type=\\"checkbox\\"
              />
              <label
                class=\\"custom-control-label\\"
@@ -490,10 +524,11 @@
              class=\\"custom-control custom-checkbox\\"
              style=\\"margin-bottom: 0px;\\"
            >
              <input
                class=\\"custom-control-input\\"
+               disabled=\\"\\"
                id=\\"19\\"
                type=\\"checkbox\\"
              />
              <label
                class=\\"custom-control-label\\"
@@ -511,10 +546,11 @@
              class=\\"custom-control custom-checkbox\\"
              style=\\"margin-bottom: 0px;\\"
            >
              <input
                class=\\"custom-control-input\\"
+               disabled=\\"\\"
                id=\\"20\\"
                type=\\"checkbox\\"
              />
              <label
                class=\\"custom-control-label\\"
@@ -532,10 +568,11 @@
              class=\\"custom-control custom-checkbox\\"
              style=\\"margin-bottom: 0px;\\"
            >
              <input
                class=\\"custom-control-input\\"
+               disabled=\\"\\"
                id=\\"21\\"
                type=\\"checkbox\\"
              />
              <label
                class=\\"custom-control-label\\"
@@ -553,10 +590,11 @@
              class=\\"custom-control custom-checkbox\\"
              style=\\"margin-bottom: 0px;\\"
            >
              <input
                class=\\"custom-control-input\\"
+               disabled=\\"\\"
                id=\\"22\\"
                type=\\"checkbox\\"
              />
              <label
                class=\\"custom-control-label\\"
@@ -574,10 +612,11 @@
              class=\\"custom-control custom-checkbox\\"
              style=\\"margin-bottom: 0px;\\"
            >
              <input
                class=\\"custom-control-input\\"
+               disabled=\\"\\"
                id=\\"23\\"
                type=\\"checkbox\\"
              />
              <label
                class=\\"custom-control-label\\"
@@ -595,24 +634,27 @@
              class=\\"custom-control custom-checkbox\\"
              style=\\"margin-bottom: 0px;\\"
            >
              <input
                class=\\"custom-control-input\\"
+               disabled=\\"\\"
                id=\\"24\\"
                type=\\"checkbox\\"
              />
              <label
                class=\\"custom-control-label\\"
                for=\\"24\\"
              >
                NB
              </label>
+           </div>
          </div>
        </div>
      </div>
      <button
        class=\\"btn btn-primary  offset-lg-8 col-lg-3 col-sm-12\\"
+       disabled=\\"\\"
        type=\\"submit\\"
      >
          Save
      </button>
    </form>"
`;

exports[`<Packages/> Updates enabled 1`] = `
<DocumentFragment>
  <h1>
    Packages
  </h1>
  <p>
    
Apart from the standard installation, you can optionally select bundles of additional software that'd be installed on 
the router. This software can be selected from the following list. Please note that only software that is part of 
TurrisOS or that has been installed from a package list is maintained by automatic updates system. Software that has 
been installed manually or using opkg is not affected.
        
  </p>
  <form>
    <h3>
      Packages list
    </h3>
    <div
      class="col-sm-12 offset-lg-1 col-lg-10"
      style="margin-bottom: 1rem;"
    >
      <div
        class="custom-control custom-checkbox"
        style="margin-bottom: 0px;"
      >
        <input
          checked=""
          class="custom-control-input"
          id="1"
          type="checkbox"
        />
        <label
          class="custom-control-label"
          for="1"
          style="margin-bottom: 0px;"
        >
          Enabled package title
        </label>
      </div>
      <small
        class="form-text text-muted"
      >
        Enabled package msg
      </small>
    </div>
    <div
      class="col-sm-12 offset-lg-1 col-lg-10"
      style="margin-bottom: 1rem;"
    >
      <div
        class="custom-control custom-checkbox"
        style="margin-bottom: 0px;"
      >
        <input
          class="custom-control-input"
          id="2"
          type="checkbox"
        />
        <label
          class="custom-control-label"
          for="2"
          style="margin-bottom: 0px;"
        >
          Extensions of network protocols for 3G/LTE
        </label>
      </div>
      <small
        class="form-text text-muted"
      >
        Support for additional protocols and connection types.
      </small>
    </div>
    <div
      class="col-sm-12 offset-lg-1 col-lg-10"
      style="margin-bottom: 1rem;"
    >
      <div
        class="custom-control custom-checkbox"
        style="margin-bottom: 0px;"
      >
        <input
          class="custom-control-input"
          id="3"
          type="checkbox"
        />
        <label
          class="custom-control-label"
          for="3"
          style="margin-bottom: 0px;"
        >
          Device detection
        </label>
      </div>
      <small
        class="form-text text-muted"
      >
        Software for detecting new devices on local network (EXPERIMENTAL).
      </small>
    </div>
    <div
      class="col-sm-12 offset-lg-1 col-lg-10"
      style="margin-bottom: 1rem;"
    >
      <div
        class="custom-control custom-checkbox"
        style="margin-bottom: 0px;"
      >
        <input
          class="custom-control-input"
          id="4"
          type="checkbox"
        />
        <label
          class="custom-control-label"
          for="4"
          style="margin-bottom: 0px;"
        >
          DVB tuner
        </label>
      </div>
      <small
        class="form-text text-muted"
      >
        Software for sharing television received by a DVB tuner on Turris. Does not include device drivers.
      </small>
    </div>
    <div
      class="col-sm-12 offset-lg-1 col-lg-10"
      style="margin-bottom: 1rem;"
    >
      <div
        class="custom-control custom-checkbox"
        style="margin-bottom: 0px;"
      >
        <input
          class="custom-control-input"
          id="5"
          type="checkbox"
        />
        <label
          class="custom-control-label"
          for="5"
          style="margin-bottom: 0px;"
        >
          SSH Honeypot
        </label>
      </div>
      <small
        class="form-text text-muted"
      >
        Trap for password-guessing robots on SSH.
      </small>
    </div>
    <div
      class="col-sm-12 offset-lg-1 col-lg-10"
      style="margin-bottom: 1rem;"
    >
      <div
        class="custom-control custom-checkbox"
        style="margin-bottom: 0px;"
      >
        <input
          class="custom-control-input"
          id="6"
          type="checkbox"
        />
        <label
          class="custom-control-label"
          for="6"
          style="margin-bottom: 0px;"
        >
          LuCI extensions
        </label>
      </div>
      <small
        class="form-text text-muted"
      >
        Several addional tabs and controls for the advanced LuCI interface.
      </small>
    </div>
    <div
      class="col-sm-12 offset-lg-1 col-lg-10"
      style="margin-bottom: 1rem;"
    >
      <div
        class="custom-control custom-checkbox"
        style="margin-bottom: 0px;"
      >
        <input
          class="custom-control-input"
          id="7"
          type="checkbox"
        />
        <label
          class="custom-control-label"
          for="7"
          style="margin-bottom: 0px;"
        >
          LXC utilities
        </label>
      </div>
      <small
        class="form-text text-muted"
      >
        Set of utilities to manage Linux Containers (lightweight virtualization technology).
      </small>
    </div>
    <div
      class="col-sm-12 offset-lg-1 col-lg-10"
      style="margin-bottom: 1rem;"
    >
      <div
        class="custom-control custom-checkbox"
        style="margin-bottom: 0px;"
      >
        <input
          class="custom-control-input"
          id="8"
          type="checkbox"
        />
        <label
          class="custom-control-label"
          for="8"
          style="margin-bottom: 0px;"
        >
          NAS
        </label>
      </div>
      <small
        class="form-text text-muted"
      >
        Services allowing to connect a disk to the router and use it as network data store.
      </small>
    </div>
    <div
      class="col-sm-12 offset-lg-1 col-lg-10"
      style="margin-bottom: 1rem;"
    >
      <div
        class="custom-control custom-checkbox"
        style="margin-bottom: 0px;"
      >
        <input
          class="custom-control-input"
          id="9"
          type="checkbox"
        />
        <label
          class="custom-control-label"
          for="9"
          style="margin-bottom: 0px;"
        >
          Internet connection speed measurement
        </label>
      </div>
      <small
        class="form-text text-muted"
      >
        Actively measures speed of Internet connection using netmetr.cz service.
      </small>
    </div>
    <div
      class="col-sm-12 offset-lg-1 col-lg-10"
      style="margin-bottom: 1rem;"
    >
      <div
        class="custom-control custom-checkbox"
        style="margin-bottom: 0px;"
      >
        <input
          class="custom-control-input"
          id="10"
          type="checkbox"
        />
        <label
          class="custom-control-label"
          for="10"
          style="margin-bottom: 0px;"
        >
          OpenVPN
        </label>
      </div>
      <small
        class="form-text text-muted"
      >
        An easy setup of OpenVPN server from Foris.
      </small>
    </div>
    <div
      class="col-sm-12 offset-lg-1 col-lg-10"
      style="margin-bottom: 1rem;"
    >
      <div
        class="custom-control custom-checkbox"
        style="margin-bottom: 0px;"
      >
        <input
          class="custom-control-input"
          id="11"
          type="checkbox"
        />
        <label
          class="custom-control-label"
          for="11"
          style="margin-bottom: 0px;"
        >
          Pakon
        </label>
      </div>
      <small
        class="form-text text-muted"
      >
        Software for in depth monitoring of your traffic.
      </small>
    </div>
    <div
      class="col-sm-12 offset-lg-1 col-lg-10"
      style="margin-bottom: 1rem;"
    >
      <div
        class="custom-control custom-checkbox"
        style="margin-bottom: 0px;"
      >
        <input
          class="custom-control-input"
          id="12"
          type="checkbox"
        />
        <label
          class="custom-control-label"
          for="12"
          style="margin-bottom: 0px;"
        >
          Print server
        </label>
      </div>
      <small
        class="form-text text-muted"
      >
        Services allowing to connect a printer to the router and use it for remote printing.
      </small>
    </div>
    <div
      class="col-sm-12 offset-lg-1 col-lg-10"
      style="margin-bottom: 1rem;"
    >
      <div
        class="custom-control custom-checkbox"
        style="margin-bottom: 0px;"
      >
        <input
          class="custom-control-input"
          id="13"
          type="checkbox"
        />
        <label
          class="custom-control-label"
          for="13"
          style="margin-bottom: 0px;"
        >
          Tor
        </label>
      </div>
      <small
        class="form-text text-muted"
      >
        Service to increase anonymity on the Internet.
      </small>
    </div>
    <h3>
      Languages
    </h3>
    <p>
      If you want to use other language than English you can select it from the following list:
    </p>
    <div
      class="col-sm-12 offset-lg-1 col-lg-10"
      id="language-packages"
    >
      <div
        class=""
        style="margin-bottom: 1rem;"
      >
        <div
          class="custom-control custom-checkbox"
          style="margin-bottom: 0px;"
        >
          <input
            checked=""
            class="custom-control-input"
            id="14"
            type="checkbox"
          />
          <label
            class="custom-control-label"
            for="14"
          >
            CS
          </label>
        </div>
      </div>
      <div
        class=""
        style="margin-bottom: 1rem;"
      >
        <div
          class="custom-control custom-checkbox"
          style="margin-bottom: 0px;"
        >
          <input
            class="custom-control-input"
            id="15"
            type="checkbox"
          />
          <label
            class="custom-control-label"
            for="15"
          >
            DA
          </label>
        </div>
      </div>
      <div
        class=""
        style="margin-bottom: 1rem;"
      >
        <div
          class="custom-control custom-checkbox"
          style="margin-bottom: 0px;"
        >
          <input
            class="custom-control-input"
            id="16"
            type="checkbox"
          />
          <label
            class="custom-control-label"
            for="16"
          >
            DE
          </label>
        </div>
      </div>
      <div
        class=""
        style="margin-bottom: 1rem;"
      >
        <div
          class="custom-control custom-checkbox"
          style="margin-bottom: 0px;"
        >
          <input
            class="custom-control-input"
            id="17"
            type="checkbox"
          />
          <label
            class="custom-control-label"
            for="17"
          >
            FR
          </label>
        </div>
      </div>
      <div
        class=""
        style="margin-bottom: 1rem;"
      >
        <div
          class="custom-control custom-checkbox"
          style="margin-bottom: 0px;"
        >
          <input
            class="custom-control-input"
            id="18"
            type="checkbox"
          />
          <label
            class="custom-control-label"
            for="18"
          >
            LT
          </label>
        </div>
      </div>
      <div
        class=""
        style="margin-bottom: 1rem;"
      >
        <div
          class="custom-control custom-checkbox"
          style="margin-bottom: 0px;"
        >
          <input
            class="custom-control-input"
            id="19"
            type="checkbox"
          />
          <label
            class="custom-control-label"
            for="19"
          >
            PL
          </label>
        </div>
      </div>
      <div
        class=""
        style="margin-bottom: 1rem;"
      >
        <div
          class="custom-control custom-checkbox"
          style="margin-bottom: 0px;"
        >
          <input
            class="custom-control-input"
            id="20"
            type="checkbox"
          />
          <label
            class="custom-control-label"
            for="20"
          >
            RU
          </label>
        </div>
      </div>
      <div
        class=""
        style="margin-bottom: 1rem;"
      >
        <div
          class="custom-control custom-checkbox"
          style="margin-bottom: 0px;"
        >
          <input
            class="custom-control-input"
            id="21"
            type="checkbox"
          />
          <label
            class="custom-control-label"
            for="21"
          >
            SK
          </label>
        </div>
      </div>
      <div
        class=""
        style="margin-bottom: 1rem;"
      >
        <div
          class="custom-control custom-checkbox"
          style="margin-bottom: 0px;"
        >
          <input
            class="custom-control-input"
            id="22"
            type="checkbox"
          />
          <label
            class="custom-control-label"
            for="22"
          >
            HU
          </label>
        </div>
      </div>
      <div
        class=""
        style="margin-bottom: 1rem;"
      >
        <div
          class="custom-control custom-checkbox"
          style="margin-bottom: 0px;"
        >
          <input
            class="custom-control-input"
            id="23"
            type="checkbox"
          />
          <label
            class="custom-control-label"
            for="23"
          >
            IT
          </label>
        </div>
      </div>
      <div
        class=""
        style="margin-bottom: 1rem;"
      >
        <div
          class="custom-control custom-checkbox"
          style="margin-bottom: 0px;"
        >
          <input
            class="custom-control-input"
            id="24"
            type="checkbox"
          />
          <label
            class="custom-control-label"
            for="24"
          >
            NB
          </label>
        </div>
      </div>
    </div>
    <button
      class="btn btn-primary  offset-lg-8 col-lg-3 col-sm-12"
      type="submit"
    >
        Save
    </button>
  </form>
</DocumentFragment>
`;
