// Jest Snapshot v1, https://goo.gl/fbAQLP

exports[`<NotificationsDropdown/> Test with snapshot 1`] = `
<div>
  <div
    class="dropdown btn-group"
    id="notifications"
  >
    <button
      class="nav-item btn btn-link"
      id="notifications-btn"
      type="button"
    >
      <span
        class="fa-stack"
      >
        <i
          class="fas fa-bell fa-stack-1x"
        />
        <div
          class=""
          id="notifications-counter"
        >
          <div
            class="number"
          >
            3
          </div>
        </div>
      </span>
    </button>
    <div
      class="dropdown-menu dropdown-menu-right dropdown-menu-lg-left"
    >
      <div
        class="dropdown-header"
        id="notifications-header"
      >
        <a
          href="/notifications"
        >
          <h5>
            Notifications
          </h5>
        </a>
        <a
          class="btn btn-link"
          href="/administration/notifications-settings"
        >
          <i
            class="fas fa-cog fa-fw"
          />
        </a>
      </div>
      <div
        class="dropdown-divider dropdown-divider-top"
      />
      <div
        class="scrollable-menu"
      >
        <div
          class="dropdown-item notification-item"
        >
          <i
            class="fa fa-newspaper fa-2x"
          />
          <div
            class="notifications-info"
          >
            <a
              href="/notifications?id=123-123"
            >
              <small
                class="text-muted"
              >
                February 1, 2000, 12:00:00 AM
              </small>
              <p>
                Notification message.
              </p>
            </a>
          </div>
          <button
            class="btn btn-link dismiss"
            type="button"
          >
            <i
              class="fas fa-times"
            />
          </button>
        </div>
        <div
          class="dropdown-divider"
        />
        <div
          class="dropdown-item notification-item"
        >
          <i
            class="fa fa-exclamation-circle fa-2x"
          />
          <div
            class="notifications-info"
          >
            <a
              href="/notifications?id=123-124"
            >
              <small
                class="text-muted"
              >
                February 1, 2000, 12:00:00 AM
              </small>
              <p>
                Second notification message.
              </p>
            </a>
          </div>
          <button
            class="btn btn-link dismiss"
            type="button"
          >
            <i
              class="fas fa-times"
            />
          </button>
        </div>
        <div
          class="dropdown-divider"
        />
        <div
          class="dropdown-item notification-item"
        >
          <i
            class="fa fa-power-off fa-2x"
          />
          <div
            class="notifications-info"
          >
            <a
              href="/notifications?id=808-909"
            >
              <small
                class="text-muted"
              >
                February 1, 2000, 12:00:00 AM
              </small>
              <p>
                Third notification message.
              </p>
            </a>
          </div>
          <button
            class="btn btn-link dismiss"
            type="button"
          >
            <i
              class="fas fa-times"
            />
          </button>
        </div>
      </div>
      <div
        class="dropdown-divider dropdown-divider-bottom"
      />
      <div
        class="dropdown-footer"
        id="notifications-footer"
      >
        <button
          class="btn btn-link"
          type="button"
        >
          Dismiss all
        </button>
      </div>
    </div>
  </div>
</div>
`;
