// Jest Snapshot v1, https://goo.gl/fbAQLP

exports[`<RegionAndTime/> Snapshot 1`] = `
<div>
  <h1>
    Region and time
  </h1>
  <p>
    
It is important for your device to have the correct time set. If your device's time is delayed, the
procedure of SSL certificate verification might not work correctly.
        
  </p>
  <form>
    <h4>
      Region settings
    </h4>
    <p>
      Please select the timezone the router is being operated in. Correct setting is required to display the right time and for related functions.
    </p>
    <div
      class="form-group col-sm-12 offset-lg-1 col-lg-10"
    >
      <label
        for="1"
      >
        Continent or ocean
      </label>
      <select
        class="custom-select"
        id="1"
      >
        <option
          value="Africa"
        >
          Africa
        </option>
        <option
          value="America"
        >
          America
        </option>
        <option
          value="Antarctica"
        >
          Antarctica
        </option>
        <option
          value="Arctic"
        >
          Arctic
        </option>
        <option
          value="Asia"
        >
          Asia
        </option>
        <option
          value="Atlantic"
        >
          Atlantic
        </option>
        <option
          value="Australia"
        >
          Australia
        </option>
        <option
          value="Europe"
        >
          Europe
        </option>
        <option
          value="Indian"
        >
          Indian
        </option>
        <option
          value="Pacific"
        >
          Pacific
        </option>
      </select>
    </div>
    <div
      class="form-group col-sm-12 offset-lg-1 col-lg-10"
    >
      <label
        for="2"
      >
        Country
      </label>
      <select
        class="custom-select"
        id="2"
      >
        <option
          value="AD"
        >
          Andorra
        </option>
        <option
          value="AL"
        >
          Albania
        </option>
        <option
          value="AT"
        >
          Austria
        </option>
        <option
          value="AX"
        >
          Åland Islands
        </option>
        <option
          value="BA"
        >
          Bosnia & Herzegovina
        </option>
        <option
          value="BE"
        >
          Belgium
        </option>
        <option
          value="BG"
        >
          Bulgaria
        </option>
        <option
          value="BY"
        >
          Belarus
        </option>
        <option
          value="CH"
        >
          Switzerland
        </option>
        <option
          value="CZ"
        >
          Czech Republic
        </option>
        <option
          value="DE"
        >
          Germany
        </option>
        <option
          value="DK"
        >
          Denmark
        </option>
        <option
          value="EE"
        >
          Estonia
        </option>
        <option
          value="ES"
        >
          Spain
        </option>
        <option
          value="FI"
        >
          Finland
        </option>
        <option
          value="FR"
        >
          France
        </option>
        <option
          value="GB"
        >
          United Kingdom
        </option>
        <option
          value="GG"
        >
          Guernsey
        </option>
        <option
          value="GI"
        >
          Gibraltar
        </option>
        <option
          value="GR"
        >
          Greece
        </option>
        <option
          value="HR"
        >
          Croatia
        </option>
        <option
          value="HU"
        >
          Hungary
        </option>
        <option
          value="IE"
        >
          Ireland
        </option>
        <option
          value="IM"
        >
          Isle of Man
        </option>
        <option
          value="IT"
        >
          Italy
        </option>
        <option
          value="JE"
        >
          Jersey
        </option>
        <option
          value="LI"
        >
          Liechtenstein
        </option>
        <option
          value="LT"
        >
          Lithuania
        </option>
        <option
          value="LU"
        >
          Luxembourg
        </option>
        <option
          value="LV"
        >
          Latvia
        </option>
        <option
          value="MC"
        >
          Monaco
        </option>
        <option
          value="MD"
        >
          Moldova
        </option>
        <option
          value="ME"
        >
          Montenegro
        </option>
        <option
          value="MK"
        >
          Macedonia
        </option>
        <option
          value="MT"
        >
          Malta
        </option>
        <option
          value="NL"
        >
          Netherlands
        </option>
        <option
          value="NO"
        >
          Norway
        </option>
        <option
          value="PL"
        >
          Poland
        </option>
        <option
          value="PT"
        >
          Portugal
        </option>
        <option
          value="RO"
        >
          Romania
        </option>
        <option
          value="RS"
        >
          Serbia
        </option>
        <option
          value="RU"
        >
          Russia
        </option>
        <option
          value="SE"
        >
          Sweden
        </option>
        <option
          value="SI"
        >
          Slovenia
        </option>
        <option
          value="SK"
        >
          Slovakia
        </option>
        <option
          value="SM"
        >
          San Marino
        </option>
        <option
          value="TR"
        >
          Turkey
        </option>
        <option
          value="UA"
        >
          Ukraine
        </option>
        <option
          value="VA"
        >
          Vatican City
        </option>
      </select>
    </div>
    <div
      class="form-group col-sm-12 offset-lg-1 col-lg-10"
    >
      <label
        for="3"
      >
        Timezone
      </label>
      <select
        class="custom-select"
        id="3"
      >
        <option
          value="Prague"
        >
          Prague
        </option>
      </select>
    </div>
    <h4>
      Time settings
    </h4>
    <p>
      Time should be up-to-date otherwise DNS and other services might not work properly.
    </p>
    <div
      class="form-group col-sm-12 offset-lg-1 col-lg-10"
    >
      <label
        for="4"
      >
        How to set time
      </label>
      <select
        class="custom-select"
        id="4"
      >
        <option
          value="ntp"
        >
          Via NTP
        </option>
        <option
          value="manual"
        >
          Manually
        </option>
      </select>
    </div>
    <button
      class="btn btn-outline-primary offset-lg-8 col-lg-3 col-sm-12"
      data-toggle="collapse"
      href="#collapseNTPServers"
      type="button"
    >
       
       
      Show NTP servers list
    </button>
    <div
      class="collapse"
      id="collapseNTPServers"
    >
      <h5>
        NTP servers
      </h5>
      <div
        id="ntpServersList"
      >
        <p>
          217.31.202.100
        </p>
        <p>
          195.113.144.201
        </p>
        <p>
          195.113.144.238
        </p>
        <p>
          2001:1488:ffff::100
        </p>
        <p>
          ntp.nic.cz
        </p>
        <p>
          0.openwrt.pool.ntp.org
        </p>
        <p>
          1.openwrt.pool.ntp.org
        </p>
        <p>
          2.openwrt.pool.ntp.org
        </p>
        <p>
          3.openwrt.pool.ntp.org
        </p>
      </div>
    </div>
    <div
      class="rdt"
    >
      <div>
        <div
          class="col-sm-12 offset-lg-1 col-lg-10"
        >
          <div
            class="form-group"
          >
            <label
              for="5"
            >
              Time
            </label>
            <div
              class="input-group"
            >
              <input
                class="form-control form-control"
                disabled=""
                id="5"
                type="text"
                value="2019-04-24 21:15:03"
              />
              <div
                class="input-group-append"
              >
                <button
                  class="input-group-text"
                >
                  <i
                    class="fa fa-sync-alt"
                  />
                </button>
              </div>
            </div>
          </div>
        </div>
      </div>
      <div
        class="rdtPicker"
      >
        <div
          class="rdtDays"
        >
          <table>
            <thead>
              <tr>
                <th
                  class="rdtPrev"
                >
                  <span>
                    ‹
                  </span>
                </th>
                <th
                  class="rdtSwitch"
                  colspan="5"
                  data-value="3"
                >
                  April 2019
                </th>
                <th
                  class="rdtNext"
                >
                  <span>
                    ›
                  </span>
                </th>
              </tr>
              <tr>
                <th
                  class="dow"
                >
                  Su
                </th>
                <th
                  class="dow"
                >
                  Mo
                </th>
                <th
                  class="dow"
                >
                  Tu
                </th>
                <th
                  class="dow"
                >
                  We
                </th>
                <th
                  class="dow"
                >
                  Th
                </th>
                <th
                  class="dow"
                >
                  Fr
                </th>
                <th
                  class="dow"
                >
                  Sa
                </th>
              </tr>
            </thead>
            <tbody>
              <tr>
                <td
                  class="rdtDay rdtOld"
                  data-value="31"
                >
                  31
                </td>
                <td
                  class="rdtDay"
                  data-value="1"
                >
                  1
                </td>
                <td
                  class="rdtDay"
                  data-value="2"
                >
                  2
                </td>
                <td
                  class="rdtDay"
                  data-value="3"
                >
                  3
                </td>
                <td
                  class="rdtDay"
                  data-value="4"
                >
                  4
                </td>
                <td
                  class="rdtDay"
                  data-value="5"
                >
                  5
                </td>
                <td
                  class="rdtDay"
                  data-value="6"
                >
                  6
                </td>
              </tr>
              <tr>
                <td
                  class="rdtDay"
                  data-value="7"
                >
                  7
                </td>
                <td
                  class="rdtDay"
                  data-value="8"
                >
                  8
                </td>
                <td
                  class="rdtDay"
                  data-value="9"
                >
                  9
                </td>
                <td
                  class="rdtDay"
                  data-value="10"
                >
                  10
                </td>
                <td
                  class="rdtDay"
                  data-value="11"
                >
                  11
                </td>
                <td
                  class="rdtDay"
                  data-value="12"
                >
                  12
                </td>
                <td
                  class="rdtDay"
                  data-value="13"
                >
                  13
                </td>
              </tr>
              <tr>
                <td
                  class="rdtDay"
                  data-value="14"
                >
                  14
                </td>
                <td
                  class="rdtDay"
                  data-value="15"
                >
                  15
                </td>
                <td
                  class="rdtDay"
                  data-value="16"
                >
                  16
                </td>
                <td
                  class="rdtDay"
                  data-value="17"
                >
                  17
                </td>
                <td
                  class="rdtDay"
                  data-value="18"
                >
                  18
                </td>
                <td
                  class="rdtDay"
                  data-value="19"
                >
                  19
                </td>
                <td
                  class="rdtDay"
                  data-value="20"
                >
                  20
                </td>
              </tr>
              <tr>
                <td
                  class="rdtDay"
                  data-value="21"
                >
                  21
                </td>
                <td
                  class="rdtDay"
                  data-value="22"
                >
                  22
                </td>
                <td
                  class="rdtDay"
                  data-value="23"
                >
                  23
                </td>
                <td
                  class="rdtDay rdtActive"
                  data-value="24"
                >
                  24
                </td>
                <td
                  class="rdtDay"
                  data-value="25"
                >
                  25
                </td>
                <td
                  class="rdtDay"
                  data-value="26"
                >
                  26
                </td>
                <td
                  class="rdtDay"
                  data-value="27"
                >
                  27
                </td>
              </tr>
              <tr>
                <td
                  class="rdtDay"
                  data-value="28"
                >
                  28
                </td>
                <td
                  class="rdtDay"
                  data-value="29"
                >
                  29
                </td>
                <td
                  class="rdtDay"
                  data-value="30"
                >
                  30
                </td>
                <td
                  class="rdtDay rdtNew"
                  data-value="1"
                >
                  1
                </td>
                <td
                  class="rdtDay rdtNew"
                  data-value="2"
                >
                  2
                </td>
                <td
                  class="rdtDay rdtNew"
                  data-value="3"
                >
                  3
                </td>
                <td
                  class="rdtDay rdtNew"
                  data-value="4"
                >
                  4
                </td>
              </tr>
              <tr>
                <td
                  class="rdtDay rdtNew"
                  data-value="5"
                >
                  5
                </td>
                <td
                  class="rdtDay rdtNew"
                  data-value="6"
                >
                  6
                </td>
                <td
                  class="rdtDay rdtNew"
                  data-value="7"
                >
                  7
                </td>
                <td
                  class="rdtDay rdtNew"
                  data-value="8"
                >
                  8
                </td>
                <td
                  class="rdtDay rdtNew"
                  data-value="9"
                >
                  9
                </td>
                <td
                  class="rdtDay rdtNew"
                  data-value="10"
                >
                  10
                </td>
                <td
                  class="rdtDay rdtNew"
                  data-value="11"
                >
                  11
                </td>
              </tr>
            </tbody>
            <tfoot>
              <tr>
                <td
                  class="rdtTimeToggle"
                  colspan="7"
                >
                  21:15:03
                </td>
              </tr>
            </tfoot>
          </table>
        </div>
      </div>
    </div>
    <button
      class="btn btn-primary  offset-lg-8 col-lg-3 col-sm-12"
      type="submit"
    >
       
       
      Save
    </button>
  </form>
</div>
`;
